Archive member included to satisfy reference by file (symbol)

c:/program files (x86)/atmel/studio/7.0/toolchain/avr8/avr8-gnu-toolchain/bin/../lib/gcc/avr/5.4.0/avrxmega6\libgcc.a(_exit.o)
                              C:/Program Files (x86)/Atmel/Studio/7.0/Packs/atmel/XMEGAA_DFP/1.1.68/gcc/dev/atxmega128a3u/avrxmega6/crtatxmega128a3u.o (exit)
c:/program files (x86)/atmel/studio/7.0/toolchain/avr8/avr8-gnu-toolchain/bin/../lib/gcc/avr/5.4.0/avrxmega6\libgcc.a(_copy_data.o)
                              main.o (__do_copy_data)

Discarded input sections

 .data          0x00000000        0x0 C:/Program Files (x86)/Atmel/Studio/7.0/Packs/atmel/XMEGAA_DFP/1.1.68/gcc/dev/atxmega128a3u/avrxmega6/crtatxmega128a3u.o
 .bss           0x00000000        0x0 C:/Program Files (x86)/Atmel/Studio/7.0/Packs/atmel/XMEGAA_DFP/1.1.68/gcc/dev/atxmega128a3u/avrxmega6/crtatxmega128a3u.o
 .text          0x00000000        0x0 main.o
 .data          0x00000000        0x0 main.o
 .bss           0x00000000        0x0 main.o
 .text.usart_recv_byte
                0x00000000       0x1a main.o
 .text.glitchPlusTwo
                0x00000000       0x40 main.o
 .text.glitchPlusThree
                0x00000000       0x42 main.o
 .rodata.ConfiguredOffset
                0x00000000        0x1 main.o
 .rodata.OffsetLoopCost
                0x00000000        0x1 main.o
 .rodata.ConfiguredDelta
                0x00000000        0x1 main.o
 .text          0x00000000        0x0 c:/program files (x86)/atmel/studio/7.0/toolchain/avr8/avr8-gnu-toolchain/bin/../lib/gcc/avr/5.4.0/avrxmega6\libgcc.a(_exit.o)
 .data          0x00000000        0x0 c:/program files (x86)/atmel/studio/7.0/toolchain/avr8/avr8-gnu-toolchain/bin/../lib/gcc/avr/5.4.0/avrxmega6\libgcc.a(_exit.o)
 .bss           0x00000000        0x0 c:/program files (x86)/atmel/studio/7.0/toolchain/avr8/avr8-gnu-toolchain/bin/../lib/gcc/avr/5.4.0/avrxmega6\libgcc.a(_exit.o)
 .text.libgcc.mul
                0x00000000        0x0 c:/program files (x86)/atmel/studio/7.0/toolchain/avr8/avr8-gnu-toolchain/bin/../lib/gcc/avr/5.4.0/avrxmega6\libgcc.a(_exit.o)
 .text.libgcc.div
                0x00000000        0x0 c:/program files (x86)/atmel/studio/7.0/toolchain/avr8/avr8-gnu-toolchain/bin/../lib/gcc/avr/5.4.0/avrxmega6\libgcc.a(_exit.o)
 .text.libgcc   0x00000000        0x0 c:/program files (x86)/atmel/studio/7.0/toolchain/avr8/avr8-gnu-toolchain/bin/../lib/gcc/avr/5.4.0/avrxmega6\libgcc.a(_exit.o)
 .text.libgcc.prologue
                0x00000000        0x0 c:/program files (x86)/atmel/studio/7.0/toolchain/avr8/avr8-gnu-toolchain/bin/../lib/gcc/avr/5.4.0/avrxmega6\libgcc.a(_exit.o)
 .text.libgcc.builtins
                0x00000000        0x0 c:/program files (x86)/atmel/studio/7.0/toolchain/avr8/avr8-gnu-toolchain/bin/../lib/gcc/avr/5.4.0/avrxmega6\libgcc.a(_exit.o)
 .text.libgcc.fmul
                0x00000000        0x0 c:/program files (x86)/atmel/studio/7.0/toolchain/avr8/avr8-gnu-toolchain/bin/../lib/gcc/avr/5.4.0/avrxmega6\libgcc.a(_exit.o)
 .text.libgcc.fixed
                0x00000000        0x0 c:/program files (x86)/atmel/studio/7.0/toolchain/avr8/avr8-gnu-toolchain/bin/../lib/gcc/avr/5.4.0/avrxmega6\libgcc.a(_exit.o)
 .text          0x00000000        0x0 c:/program files (x86)/atmel/studio/7.0/toolchain/avr8/avr8-gnu-toolchain/bin/../lib/gcc/avr/5.4.0/avrxmega6\libgcc.a(_copy_data.o)
 .data          0x00000000        0x0 c:/program files (x86)/atmel/studio/7.0/toolchain/avr8/avr8-gnu-toolchain/bin/../lib/gcc/avr/5.4.0/avrxmega6\libgcc.a(_copy_data.o)
 .bss           0x00000000        0x0 c:/program files (x86)/atmel/studio/7.0/toolchain/avr8/avr8-gnu-toolchain/bin/../lib/gcc/avr/5.4.0/avrxmega6\libgcc.a(_copy_data.o)
 .text.libgcc.mul
                0x00000000        0x0 c:/program files (x86)/atmel/studio/7.0/toolchain/avr8/avr8-gnu-toolchain/bin/../lib/gcc/avr/5.4.0/avrxmega6\libgcc.a(_copy_data.o)
 .text.libgcc.div
                0x00000000        0x0 c:/program files (x86)/atmel/studio/7.0/toolchain/avr8/avr8-gnu-toolchain/bin/../lib/gcc/avr/5.4.0/avrxmega6\libgcc.a(_copy_data.o)
 .text.libgcc   0x00000000        0x0 c:/program files (x86)/atmel/studio/7.0/toolchain/avr8/avr8-gnu-toolchain/bin/../lib/gcc/avr/5.4.0/avrxmega6\libgcc.a(_copy_data.o)
 .text.libgcc.prologue
                0x00000000        0x0 c:/program files (x86)/atmel/studio/7.0/toolchain/avr8/avr8-gnu-toolchain/bin/../lib/gcc/avr/5.4.0/avrxmega6\libgcc.a(_copy_data.o)
 .text.libgcc.builtins
                0x00000000        0x0 c:/program files (x86)/atmel/studio/7.0/toolchain/avr8/avr8-gnu-toolchain/bin/../lib/gcc/avr/5.4.0/avrxmega6\libgcc.a(_copy_data.o)
 .text.libgcc.fmul
                0x00000000        0x0 c:/program files (x86)/atmel/studio/7.0/toolchain/avr8/avr8-gnu-toolchain/bin/../lib/gcc/avr/5.4.0/avrxmega6\libgcc.a(_copy_data.o)
 .text.libgcc.fixed
                0x00000000        0x0 c:/program files (x86)/atmel/studio/7.0/toolchain/avr8/avr8-gnu-toolchain/bin/../lib/gcc/avr/5.4.0/avrxmega6\libgcc.a(_copy_data.o)

Memory Configuration

Name             Origin             Length             Attributes
text             0x00000000         0x00100000         xr
data             0x00802000         0x0000ffa0         rw !x
eeprom           0x00810000         0x00010000         rw !x
fuse             0x00820000         0x00000006         rw !x
lock             0x00830000         0x00000400         rw !x
signature        0x00840000         0x00000400         rw !x
user_signatures  0x00850000         0x00000400         rw !x
*default*        0x00000000         0xffffffff

Linker script and memory map

LOAD C:/Program Files (x86)/Atmel/Studio/7.0/Packs/atmel/XMEGAA_DFP/1.1.68/gcc/dev/atxmega128a3u/avrxmega6/crtatxmega128a3u.o
LOAD main.o
START GROUP
LOAD c:/program files (x86)/atmel/studio/7.0/toolchain/avr8/avr8-gnu-toolchain/bin/../lib/gcc/avr/5.4.0/../../../../avr/lib/avrxmega6\libm.a
END GROUP
START GROUP
LOAD c:/program files (x86)/atmel/studio/7.0/toolchain/avr8/avr8-gnu-toolchain/bin/../lib/gcc/avr/5.4.0/avrxmega6\libgcc.a
LOAD c:/program files (x86)/atmel/studio/7.0/toolchain/avr8/avr8-gnu-toolchain/bin/../lib/gcc/avr/5.4.0/../../../../avr/lib/avrxmega6\libm.a
LOAD c:/program files (x86)/atmel/studio/7.0/toolchain/avr8/avr8-gnu-toolchain/bin/../lib/gcc/avr/5.4.0/../../../../avr/lib/avrxmega6\libc.a
LOAD C:/Program Files (x86)/Atmel/Studio/7.0/Packs/atmel/XMEGAA_DFP/1.1.68/gcc/dev/atxmega128a3u/avrxmega6\libatxmega128a3u.a
END GROUP
                0x00100000                __TEXT_REGION_LENGTH__ = DEFINED (__TEXT_REGION_LENGTH__)?__TEXT_REGION_LENGTH__:0x100000
                0x0000ffa0                __DATA_REGION_LENGTH__ = DEFINED (__DATA_REGION_LENGTH__)?__DATA_REGION_LENGTH__:0xffa0
                0x00010000                __EEPROM_REGION_LENGTH__ = DEFINED (__EEPROM_REGION_LENGTH__)?__EEPROM_REGION_LENGTH__:0x10000
                [0x00000006]                __FUSE_REGION_LENGTH__ = DEFINED (__FUSE_REGION_LENGTH__)?__FUSE_REGION_LENGTH__:0x400
                0x00000400                __LOCK_REGION_LENGTH__ = DEFINED (__LOCK_REGION_LENGTH__)?__LOCK_REGION_LENGTH__:0x400
                0x00000400                __SIGNATURE_REGION_LENGTH__ = DEFINED (__SIGNATURE_REGION_LENGTH__)?__SIGNATURE_REGION_LENGTH__:0x400
                0x00000400                __USER_SIGNATURE_REGION_LENGTH__ = DEFINED (__USER_SIGNATURE_REGION_LENGTH__)?__USER_SIGNATURE_REGION_LENGTH__:0x400

.hash
 *(.hash)

.dynsym
 *(.dynsym)

.dynstr
 *(.dynstr)

.gnu.version
 *(.gnu.version)

.gnu.version_d
 *(.gnu.version_d)

.gnu.version_r
 *(.gnu.version_r)

.rel.init
 *(.rel.init)

.rela.init
 *(.rela.init)

.rel.text
 *(.rel.text)
 *(.rel.text.*)
 *(.rel.gnu.linkonce.t*)

.rela.text
 *(.rela.text)
 *(.rela.text.*)
 *(.rela.gnu.linkonce.t*)

.rel.fini
 *(.rel.fini)

.rela.fini
 *(.rela.fini)

.rel.rodata
 *(.rel.rodata)
 *(.rel.rodata.*)
 *(.rel.gnu.linkonce.r*)

.rela.rodata
 *(.rela.rodata)
 *(.rela.rodata.*)
 *(.rela.gnu.linkonce.r*)

.rel.data
 *(.rel.data)
 *(.rel.data.*)
 *(.rel.gnu.linkonce.d*)

.rela.data
 *(.rela.data)
 *(.rela.data.*)
 *(.rela.gnu.linkonce.d*)

.rel.ctors
 *(.rel.ctors)

.rela.ctors
 *(.rela.ctors)

.rel.dtors
 *(.rel.dtors)

.rela.dtors
 *(.rela.dtors)

.rel.got
 *(.rel.got)

.rela.got
 *(.rela.got)

.rel.bss
 *(.rel.bss)

.rela.bss
 *(.rela.bss)

.rel.plt
 *(.rel.plt)

.rela.plt
 *(.rela.plt)

.text           0x00000000      0x3dc
 *(.vectors)
 .vectors       0x00000000      0x1fc C:/Program Files (x86)/Atmel/Studio/7.0/Packs/atmel/XMEGAA_DFP/1.1.68/gcc/dev/atxmega128a3u/avrxmega6/crtatxmega128a3u.o
                0x00000000                __vector_default
                0x00000000                __vectors
 *(.vectors)
 *(.progmem.gcc*)
                0x000001fc                . = ALIGN (0x2)
                0x000001fc                __trampolines_start = .
 *(.trampolines)
 .trampolines   0x000001fc        0x0 linker stubs
 *(.trampolines*)
                0x000001fc                __trampolines_end = .
 *libprintf_flt.a:*(.progmem.data)
 *libc.a:*(.progmem.data)
 *(.progmem*)
                0x000001fc                . = ALIGN (0x2)
 *(.jumptables)
 *(.jumptables*)
 *(.lowtext)
 *(.lowtext*)
                0x000001fc                __ctors_start = .
 *(.ctors)
                0x000001fc                __ctors_end = .
                0x000001fc                __dtors_start = .
 *(.dtors)
                0x000001fc                __dtors_end = .
 SORT(*)(.ctors)
 SORT(*)(.dtors)
 *(.init0)
 .init0         0x000001fc        0x0 C:/Program Files (x86)/Atmel/Studio/7.0/Packs/atmel/XMEGAA_DFP/1.1.68/gcc/dev/atxmega128a3u/avrxmega6/crtatxmega128a3u.o
                0x000001fc                __init
 *(.init0)
 *(.init1)
 *(.init1)
 *(.init2)
 .init2         0x000001fc       0x10 C:/Program Files (x86)/Atmel/Studio/7.0/Packs/atmel/XMEGAA_DFP/1.1.68/gcc/dev/atxmega128a3u/avrxmega6/crtatxmega128a3u.o
 *(.init2)
 *(.init3)
 *(.init3)
 *(.init4)
 .init4         0x0000020c       0x1a c:/program files (x86)/atmel/studio/7.0/toolchain/avr8/avr8-gnu-toolchain/bin/../lib/gcc/avr/5.4.0/avrxmega6\libgcc.a(_copy_data.o)
                0x0000020c                __do_copy_data
 *(.init4)
 *(.init5)
 *(.init5)
 *(.init6)
 *(.init6)
 *(.init7)
 *(.init7)
 *(.init8)
 *(.init8)
 *(.init9)
 .init9         0x00000226        0x8 C:/Program Files (x86)/Atmel/Studio/7.0/Packs/atmel/XMEGAA_DFP/1.1.68/gcc/dev/atxmega128a3u/avrxmega6/crtatxmega128a3u.o
 *(.init9)
 *(.text)
 .text          0x0000022e        0x4 C:/Program Files (x86)/Atmel/Studio/7.0/Packs/atmel/XMEGAA_DFP/1.1.68/gcc/dev/atxmega128a3u/avrxmega6/crtatxmega128a3u.o
                0x0000022e                __vector_38
                0x0000022e                __vector_104
                0x0000022e                __vector_22
                0x0000022e                __vector_63
                0x0000022e                __vector_28
                0x0000022e                __vector_67
                0x0000022e                __vector_1
                0x0000022e                __vector_119
                0x0000022e                __vector_32
                0x0000022e                __vector_75
                0x0000022e                __vector_71
                0x0000022e                __vector_91
                0x0000022e                __vector_34
                0x0000022e                __vector_62
                0x0000022e                __vector_77
                0x0000022e                __vector_102
                0x0000022e                __vector_24
                0x0000022e                __vector_12
                0x0000022e                __vector_55
                0x0000022e                __vector_69
                0x0000022e                __vector_81
                0x0000022e                __vector_90
                0x0000022e                __vector_46
                0x0000022e                __bad_interrupt
                0x0000022e                __vector_122
                0x0000022e                __vector_72
                0x0000022e                __vector_114
                0x0000022e                __vector_6
                0x0000022e                __vector_110
                0x0000022e                __vector_31
                0x0000022e                __vector_92
                0x0000022e                __vector_35
                0x0000022e                __vector_78
                0x0000022e                __vector_74
                0x0000022e                __vector_117
                0x0000022e                __vector_39
                0x0000022e                __vector_107
                0x0000022e                __vector_3
                0x0000022e                __vector_105
                0x0000022e                __vector_98
                0x0000022e                __vector_23
                0x0000022e                __vector_68
                0x0000022e                __vector_30
                0x0000022e                __vector_73
                0x0000022e                __vector_45
                0x0000022e                __vector_25
                0x0000022e                __vector_93
                0x0000022e                __vector_61
                0x0000022e                __vector_11
                0x0000022e                __vector_54
                0x0000022e                __vector_99
                0x0000022e                __vector_13
                0x0000022e                __vector_17
                0x0000022e                __vector_19
                0x0000022e                __vector_56
                0x0000022e                __vector_7
                0x0000022e                __vector_125
                0x0000022e                __vector_49
                0x0000022e                __vector_123
                0x0000022e                __vector_41
                0x0000022e                __vector_86
                0x0000022e                __vector_100
                0x0000022e                __vector_101
                0x0000022e                __vector_64
                0x0000022e                __vector_88
                0x0000022e                __vector_109
                0x0000022e                __vector_43
                0x0000022e                __vector_27
                0x0000022e                __vector_5
                0x0000022e                __vector_113
                0x0000022e                __vector_33
                0x0000022e                __vector_76
                0x0000022e                __vector_115
                0x0000022e                __vector_47
                0x0000022e                __vector_52
                0x0000022e                __vector_37
                0x0000022e                __vector_95
                0x0000022e                __vector_103
                0x0000022e                __vector_96
                0x0000022e                __vector_89
                0x0000022e                __vector_108
                0x0000022e                __vector_4
                0x0000022e                __vector_44
                0x0000022e                __vector_82
                0x0000022e                __vector_106
                0x0000022e                __vector_118
                0x0000022e                __vector_51
                0x0000022e                __vector_9
                0x0000022e                __vector_2
                0x0000022e                __vector_21
                0x0000022e                __vector_15
                0x0000022e                __vector_66
                0x0000022e                __vector_36
                0x0000022e                __vector_79
                0x0000022e                __vector_58
                0x0000022e                __vector_70
                0x0000022e                __vector_83
                0x0000022e                __vector_29
                0x0000022e                __vector_60
                0x0000022e                __vector_121
                0x0000022e                __vector_40
                0x0000022e                __vector_85
                0x0000022e                __vector_94
                0x0000022e                __vector_126
                0x0000022e                __vector_8
                0x0000022e                __vector_26
                0x0000022e                __vector_48
                0x0000022e                __vector_124
                0x0000022e                __vector_116
                0x0000022e                __vector_112
                0x0000022e                __vector_111
                0x0000022e                __vector_80
                0x0000022e                __vector_14
                0x0000022e                __vector_84
                0x0000022e                __vector_57
                0x0000022e                __vector_53
                0x0000022e                __vector_10
                0x0000022e                __vector_50
                0x0000022e                __vector_16
                0x0000022e                __vector_59
                0x0000022e                __vector_18
                0x0000022e                __vector_97
                0x0000022e                __vector_20
                0x0000022e                __vector_42
                0x0000022e                __vector_87
                0x0000022e                __vector_65
                0x0000022e                __vector_120
                0x00000232                . = ALIGN (0x2)
 *(.text.*)
 .text.serial_init
                0x00000232       0x28 main.o
                0x00000232                serial_init
 .text.usart_send_byte
                0x0000025a        0xc main.o
                0x0000025a                usart_send_byte
 .text.serial_puts
                0x00000266       0x24 main.o
                0x00000266                serial_puts
 .text.setup_clock
                0x0000028a       0x2a main.o
                0x0000028a                setup_clock
 .text.glitchPlusZero
                0x000002b4       0x3c main.o
                0x000002b4                glitchPlusZero
 .text.glitchPlusOne
                0x000002f0       0x3e main.o
                0x000002f0                glitchPlusOne
 .text.glitch   0x0000032e       0x64 main.o
                0x0000032e                glitch
 .text.glitchExplorer
                0x00000392       0x3a main.o
                0x00000392                glitchExplorer
 .text.main     0x000003cc        0xc main.o
                0x000003cc                main
                0x000003d8                . = ALIGN (0x2)
 *(.fini9)
 .fini9         0x000003d8        0x0 c:/program files (x86)/atmel/studio/7.0/toolchain/avr8/avr8-gnu-toolchain/bin/../lib/gcc/avr/5.4.0/avrxmega6\libgcc.a(_exit.o)
                0x000003d8                _exit
                0x000003d8                exit
 *(.fini9)
 *(.fini8)
 *(.fini8)
 *(.fini7)
 *(.fini7)
 *(.fini6)
 *(.fini6)
 *(.fini5)
 *(.fini5)
 *(.fini4)
 *(.fini4)
 *(.fini3)
 *(.fini3)
 *(.fini2)
 *(.fini2)
 *(.fini1)
 *(.fini1)
 *(.fini0)
 .fini0         0x000003d8        0x4 c:/program files (x86)/atmel/studio/7.0/toolchain/avr8/avr8-gnu-toolchain/bin/../lib/gcc/avr/5.4.0/avrxmega6\libgcc.a(_exit.o)
 *(.fini0)
                0x000003dc                _etext = .

.data           0x00802000       0x22 load address 0x000003dc
                0x00802000                PROVIDE (__data_start, .)
 *(.data)
 *(.data*)
 *(.gnu.linkonce.d*)
 *(.rodata)
 *(.rodata*)
 .rodata.str1.1
                0x00802000       0x21 main.o
 *(.gnu.linkonce.r*)
                0x00802022                . = ALIGN (0x2)
 *fill*         0x00802021        0x1 
                0x00802022                _edata = .
                0x00802022                PROVIDE (__data_end, .)

.bss            0x00802022        0x0
                [!provide]                PROVIDE (__bss_start, .)
 *(.bss)
 *(.bss*)
 *(COMMON)
                [!provide]                PROVIDE (__bss_end, .)
                0x000003dc                __data_load_start = LOADADDR (.data)
                0x000003fe                __data_load_end = (__data_load_start + SIZEOF (.data))

.noinit         0x00802022        0x0
                [!provide]                PROVIDE (__noinit_start, .)
 *(.noinit*)
                [!provide]                PROVIDE (__noinit_end, .)
                0x00802022                _end = .
                [!provide]                PROVIDE (__heap_start, .)

.eeprom         0x00810000        0x0
 *(.eeprom*)
                0x00810000                __eeprom_end = .

.fuse
 *(.fuse)
 *(.lfuse)
 *(.hfuse)
 *(.efuse)

.lock
 *(.lock*)

.signature
 *(.signature*)

.user_signatures
 *(.user_signatures*)

.stab
 *(.stab)

.stabstr
 *(.stabstr)

.stab.excl
 *(.stab.excl)

.stab.exclstr
 *(.stab.exclstr)

.stab.index
 *(.stab.index)

.stab.indexstr
 *(.stab.indexstr)

.comment        0x00000000       0x30
 *(.comment)
 .comment       0x00000000       0x30 main.o
                                 0x31 (size before relaxing)

.note.gnu.avr.deviceinfo
                0x00000000       0x40
 .note.gnu.avr.deviceinfo
                0x00000000       0x40 C:/Program Files (x86)/Atmel/Studio/7.0/Packs/atmel/XMEGAA_DFP/1.1.68/gcc/dev/atxmega128a3u/avrxmega6/crtatxmega128a3u.o

.note.gnu.build-id
 *(.note.gnu.build-id)

.debug
 *(.debug)

.line
 *(.line)

.debug_srcinfo
 *(.debug_srcinfo)

.debug_sfnames
 *(.debug_sfnames)

.debug_aranges  0x00000000       0x78
 *(.debug_aranges)
 .debug_aranges
                0x00000000       0x78 main.o

.debug_pubnames
 *(.debug_pubnames)

.debug_info     0x00000000     0x3b46
 *(.debug_info .gnu.linkonce.wi.*)
 .debug_info    0x00000000     0x3409 C:/Program Files (x86)/Atmel/Studio/7.0/Packs/atmel/XMEGAA_DFP/1.1.68/gcc/dev/atxmega128a3u/avrxmega6/crtatxmega128a3u.o
 .debug_info    0x00003409      0x73d main.o

.debug_abbrev   0x00000000     0x3388
 *(.debug_abbrev)
 .debug_abbrev  0x00000000     0x3148 C:/Program Files (x86)/Atmel/Studio/7.0/Packs/atmel/XMEGAA_DFP/1.1.68/gcc/dev/atxmega128a3u/avrxmega6/crtatxmega128a3u.o
 .debug_abbrev  0x00003148      0x240 main.o

.debug_line     0x00000000      0x833
 *(.debug_line .debug_line.* .debug_line_end)
 .debug_line    0x00000000      0x39d C:/Program Files (x86)/Atmel/Studio/7.0/Packs/atmel/XMEGAA_DFP/1.1.68/gcc/dev/atxmega128a3u/avrxmega6/crtatxmega128a3u.o
 .debug_line    0x0000039d      0x496 main.o

.debug_frame    0x00000000       0xe8
 *(.debug_frame)
 .debug_frame   0x00000000       0xe8 main.o

.debug_str      0x00000000     0x279a
 *(.debug_str)
 .debug_str     0x00000000     0x223b C:/Program Files (x86)/Atmel/Studio/7.0/Packs/atmel/XMEGAA_DFP/1.1.68/gcc/dev/atxmega128a3u/avrxmega6/crtatxmega128a3u.o
 .debug_str     0x0000223b      0x55f main.o
                                0x5a9 (size before relaxing)

.debug_loc      0x00000000      0x1be
 *(.debug_loc)
 .debug_loc     0x00000000      0x1be main.o

.debug_macinfo
 *(.debug_macinfo)

.debug_weaknames
 *(.debug_weaknames)

.debug_funcnames
 *(.debug_funcnames)

.debug_typenames
 *(.debug_typenames)

.debug_varnames
 *(.debug_varnames)

.debug_pubtypes
 *(.debug_pubtypes)

.debug_ranges   0x00000000       0x68
 *(.debug_ranges)
 .debug_ranges  0x00000000       0x68 main.o

.debug_macro
 *(.debug_macro)
OUTPUT(A3uGlitcher.elf elf32-avr)
LOAD linker stubs
